// Jest Snapshot v1, https://goo.gl/fbAQLP

exports[`<PageEntryPure /> should render 1`] = `
<div
  className="page-entry"
>
  <div
    className="page-entry__content"
  >
    <ul
      className="list-games"
    >
      <li
        className="list-games__item"
      >
        <a
          href="/play/game1/"
          onClick={[Function]}
        >
          game1
        </a>
      </li>
      <li
        className="list-games__item"
      >
        <a
          href="/play/game2/"
          onClick={[Function]}
        >
          game2
        </a>
      </li>
      <li
        className="list-games__item"
      >
        <a
          href="/play/game3/"
          onClick={[Function]}
        >
          game3
        </a>
      </li>
      <li
        className="list-games__item"
      >
        <a
          href="/play/game4/"
          onClick={[Function]}
        >
          game4
        </a>
      </li>
      <li
        className="list-games__item"
      >
        <a
          href="/play/game5/"
          onClick={[Function]}
        >
          game5
        </a>
      </li>
      <li
        className="list-games__item"
      >
        <a
          href="/play/game6/"
          onClick={[Function]}
        >
          game6
        </a>
      </li>
      <li
        className="list-games__item"
      >
        <a
          href="/play/game7/"
          onClick={[Function]}
        >
          game7
        </a>
      </li>
    </ul>
  </div>
</div>
`;
