// Jest Snapshot v1, https://goo.gl/fbAQLP

exports[`<PageEntryPure /> should render 1`] = `
<div
  className="page"
>
  <div
    className="content"
  >
    <ul
      className="list-games"
    >
      <li
        className="item"
      >
        <a
          href="/play/game_1/"
          onClick={[Function]}
        >
          game_1
        </a>
      </li>
      <li
        className="item"
      >
        <a
          href="/play/game_2/"
          onClick={[Function]}
        >
          game_2
        </a>
      </li>
      <li
        className="item"
      >
        <a
          href="/play/game_3/"
          onClick={[Function]}
        >
          game_3
        </a>
      </li>
      <li
        className="item"
      >
        <a
          href="/play/game_4/"
          onClick={[Function]}
        >
          game_4
        </a>
      </li>
      <li
        className="item"
      >
        <a
          href="/play/game_5/"
          onClick={[Function]}
        >
          game_5
        </a>
      </li>
      <li
        className="item"
      >
        <a
          href="/play/game_6/"
          onClick={[Function]}
        >
          game_6
        </a>
      </li>
      <li
        className="item"
      >
        <a
          href="/play/game_7/"
          onClick={[Function]}
        >
          game_7
        </a>
      </li>
    </ul>
  </div>
</div>
`;
